lons/examples/BinaryProblem.class
fs/SequentialForwardSelection.class
mutators/UniformBitMutator.class
lons/examples/BinaryHammingNeighbourhood.class
classifiers/NeuralNetClassifier.class
fs/RankerPearsonCorrelationMethod.class
lons/Neighbourhood.class
fitness/FitnessEvaluator.class
fs/FeatureSelectorUtils.class
utils/Binner.class
samplers/RandomWalkSampler.class
fs/FeatureSelectionResult.class
lons/examples/ConcreteIntegerVectorSolution.class
fs/FeatureSelectionAlgorithm.class
lons/examples/IntegerVectorProblem.class
exceptions/DataException.class
EvoCOPPaperApplication.class
utils/OutputFormatter.class
fs/GeneticSearchWrapperMethod.class
lons/examples/NKModelProblem.class
lons/LONGenerator.class
lons/Problem.class
fs/SequentialBackwardSelection.class
lons/Solution.class
JournalApplication$DataSetInfo.class
landscape/IMeasure.class
fs/GenericRankerFeatureSelection.class
lons/examples/FSBinaryProblem.class
JournalApplication$FSReportInfo.class
lons/EdgeType.class
fs/RankerPrincipalComponentsMethod.class
lons/examples/InstrumentedNKModelProblem.class
utils/MathUtils.class
JournalApplication.class
lons/examples/IntegerVectorSolution.class
fs/SequentialSelection.class
mutators/BitMutator.class
utils/DataSetInstanceSplitter.class
samplers/SolutionSampler.class
classifiers/J48Classifier.class
fs/RankerInformationGainMethod.class
classifiers/IBkClassifier.class
lons/examples/ConcreteBinarySolution.class
utils/GlobalConstants.class
lons/examples/InstrumentedBinaryHammingNeighbourhood.class
fs/GAResult.class
lons/examples/BinarySolution.class
lons/examples/IntegerVectorNeighbourhood.class
samplers/ExhaustiveSampler.class
lons/Weight.class
mutators/UniformSampleMutator.class
fs/CorrelationbasedFeatureSubsetMethod.class
classifiers/IClassify.class
landscape/HDILMeasure.class
fs/WrapperSplitSetsEvalutator.class
lons/RVisualizationFormatter.class
