/Users/vsp15622/Development/University/LONS/cos700researchproject/src/main/java/exceptions/DataException.java
/Users/vsp15622/Development/University/LONS/cos700researchproject/src/main/java/utils/OutputFormatter.java
/Users/vsp15622/Development/University/LONS/cos700researchproject/src/main/java/fs/GeneticSearchWrapperMethod.java
/Users/vsp15622/Development/University/LONS/cos700researchproject/src/main/java/fs/RankerPearsonCorrelationMethod.java
/Users/vsp15622/Development/University/LONS/cos700researchproject/src/main/java/samplers/RandomWalkSampler.java
/Users/vsp15622/Development/University/LONS/cos700researchproject/src/main/java/fitness/FitnessEvaluator.java
/Users/vsp15622/Development/University/LONS/cos700researchproject/src/main/java/utils/MathUtils.java
/Users/vsp15622/Development/University/LONS/cos700researchproject/src/main/java/fs/RankerInformationGainMethod.java
/Users/vsp15622/Development/University/LONS/cos700researchproject/src/main/java/classifiers/IClassify.java
/Users/vsp15622/Development/University/LONS/cos700researchproject/src/main/java/samplers/ExhaustiveSampler.java
/Users/vsp15622/Development/University/LONS/cos700researchproject/src/main/java/EvoCOPPaperApplication.java
/Users/vsp15622/Development/University/LONS/cos700researchproject/src/main/java/mutators/UniformSampleMutator.java
/Users/vsp15622/Development/University/LONS/cos700researchproject/src/main/java/lons/examples/IntegerVectorNeighbourhood.java
/Users/vsp15622/Development/University/LONS/cos700researchproject/src/main/java/mutators/UniformBitMutator.java
/Users/vsp15622/Development/University/LONS/cos700researchproject/src/main/java/fs/FeatureSelectorUtils.java
/Users/vsp15622/Development/University/LONS/cos700researchproject/src/main/java/fs/FeatureSelectionResult.java
/Users/vsp15622/Development/University/LONS/cos700researchproject/src/main/java/lons/Neighbourhood.java
/Users/vsp15622/Development/University/LONS/cos700researchproject/src/main/java/lons/Weight.java
/Users/vsp15622/Development/University/LONS/cos700researchproject/src/main/java/samplers/SolutionSampler.java
/Users/vsp15622/Development/University/LONS/cos700researchproject/src/main/java/lons/examples/InstrumentedNKModelProblem.java
/Users/vsp15622/Development/University/LONS/cos700researchproject/src/main/java/lons/examples/FSBinaryProblem.java
/Users/vsp15622/Development/University/LONS/cos700researchproject/src/main/java/classifiers/J48Classifier.java
/Users/vsp15622/Development/University/LONS/cos700researchproject/src/main/java/landscape/HDILMeasure.java
/Users/vsp15622/Development/University/LONS/cos700researchproject/src/main/java/fs/GenericRankerFeatureSelection.java
/Users/vsp15622/Development/University/LONS/cos700researchproject/src/main/java/classifiers/IBkClassifier.java
/Users/vsp15622/Development/University/LONS/cos700researchproject/src/main/java/lons/RVisualizationFormatter.java
/Users/vsp15622/Development/University/LONS/cos700researchproject/src/main/java/lons/examples/NKModelProblem.java
/Users/vsp15622/Development/University/LONS/cos700researchproject/src/main/java/lons/examples/IntegerVectorProblem.java
/Users/vsp15622/Development/University/LONS/cos700researchproject/src/main/java/lons/Problem.java
/Users/vsp15622/Development/University/LONS/cos700researchproject/src/main/java/fs/RankerPrincipalComponentsMethod.java
/Users/vsp15622/Development/University/LONS/cos700researchproject/src/main/java/classifiers/NeuralNetClassifier.java
/Users/vsp15622/Development/University/LONS/cos700researchproject/src/main/java/utils/Binner.java
/Users/vsp15622/Development/University/LONS/cos700researchproject/src/main/java/lons/EdgeType.java
/Users/vsp15622/Development/University/LONS/cos700researchproject/src/main/java/lons/examples/BinarySolution.java
/Users/vsp15622/Development/University/LONS/cos700researchproject/src/main/java/fs/SequentialForwardSelection.java
/Users/vsp15622/Development/University/LONS/cos700researchproject/src/main/java/utils/DataSetInstanceSplitter.java
/Users/vsp15622/Development/University/LONS/cos700researchproject/src/main/java/lons/examples/ConcreteBinarySolution.java
/Users/vsp15622/Development/University/LONS/cos700researchproject/src/main/java/lons/LONGenerator.java
/Users/vsp15622/Development/University/LONS/cos700researchproject/src/main/java/fs/SequentialBackwardSelection.java
/Users/vsp15622/Development/University/LONS/cos700researchproject/src/main/java/lons/examples/InstrumentedBinaryHammingNeighbourhood.java
/Users/vsp15622/Development/University/LONS/cos700researchproject/src/main/java/fs/CorrelationbasedFeatureSubsetMethod.java
/Users/vsp15622/Development/University/LONS/cos700researchproject/src/main/java/utils/GlobalConstants.java
/Users/vsp15622/Development/University/LONS/cos700researchproject/src/main/java/lons/examples/BinaryHammingNeighbourhood.java
/Users/vsp15622/Development/University/LONS/cos700researchproject/src/main/java/JournalApplication.java
/Users/vsp15622/Development/University/LONS/cos700researchproject/src/main/java/fs/GAResult.java
/Users/vsp15622/Development/University/LONS/cos700researchproject/src/main/java/fs/SequentialSelection.java
/Users/vsp15622/Development/University/LONS/cos700researchproject/src/main/java/fs/FeatureSelectionAlgorithm.java
/Users/vsp15622/Development/University/LONS/cos700researchproject/src/main/java/lons/examples/IntegerVectorSolution.java
/Users/vsp15622/Development/University/LONS/cos700researchproject/src/main/java/mutators/BitMutator.java
/Users/vsp15622/Development/University/LONS/cos700researchproject/src/main/java/lons/examples/BinaryProblem.java
/Users/vsp15622/Development/University/LONS/cos700researchproject/src/main/java/lons/examples/ConcreteIntegerVectorSolution.java
/Users/vsp15622/Development/University/LONS/cos700researchproject/src/main/java/lons/Solution.java
/Users/vsp15622/Development/University/LONS/cos700researchproject/src/main/java/landscape/IMeasure.java
/Users/vsp15622/Development/University/LONS/cos700researchproject/src/main/java/fs/WrapperSplitSetsEvalutator.java
